Archive member included to satisfy reference by file (symbol)

c:/st/stm32cubeide_1.7.0/stm32cubeide/plugins/com.st.stm32cube.ide.mcu.externaltools.gnu-tools-for-stm32.9-2020-q2-update.win32_2.0.0.202105311346/tools/bin/../lib/gcc/arm-none-eabi/9.3.1/../../../../arm-none-eabi/lib/thumb/v7-m/nofp\libc_nano.a(lib_a-errno.o)
                              ./Core/Src/syscalls.o (__errno)
c:/st/stm32cubeide_1.7.0/stm32cubeide/plugins/com.st.stm32cube.ide.mcu.externaltools.gnu-tools-for-stm32.9-2020-q2-update.win32_2.0.0.202105311346/tools/bin/../lib/gcc/arm-none-eabi/9.3.1/../../../../arm-none-eabi/lib/thumb/v7-m/nofp\libc_nano.a(lib_a-exit.o)
                              c:/st/stm32cubeide_1.7.0/stm32cubeide/plugins/com.st.stm32cube.ide.mcu.externaltools.gnu-tools-for-stm32.9-2020-q2-update.win32_2.0.0.202105311346/tools/bin/../lib/gcc/arm-none-eabi/9.3.1/../../../../arm-none-eabi/lib/thumb/v7-m/nofp/crt0.o (exit)
c:/st/stm32cubeide_1.7.0/stm32cubeide/plugins/com.st.stm32cube.ide.mcu.externaltools.gnu-tools-for-stm32.9-2020-q2-update.win32_2.0.0.202105311346/tools/bin/../lib/gcc/arm-none-eabi/9.3.1/../../../../arm-none-eabi/lib/thumb/v7-m/nofp\libc_nano.a(lib_a-impure.o)
                              c:/st/stm32cubeide_1.7.0/stm32cubeide/plugins/com.st.stm32cube.ide.mcu.externaltools.gnu-tools-for-stm32.9-2020-q2-update.win32_2.0.0.202105311346/tools/bin/../lib/gcc/arm-none-eabi/9.3.1/../../../../arm-none-eabi/lib/thumb/v7-m/nofp\libc_nano.a(lib_a-exit.o) (_global_impure_ptr)
c:/st/stm32cubeide_1.7.0/stm32cubeide/plugins/com.st.stm32cube.ide.mcu.externaltools.gnu-tools-for-stm32.9-2020-q2-update.win32_2.0.0.202105311346/tools/bin/../lib/gcc/arm-none-eabi/9.3.1/../../../../arm-none-eabi/lib/thumb/v7-m/nofp\libc_nano.a(lib_a-init.o)
                              c:/st/stm32cubeide_1.7.0/stm32cubeide/plugins/com.st.stm32cube.ide.mcu.externaltools.gnu-tools-for-stm32.9-2020-q2-update.win32_2.0.0.202105311346/tools/bin/../lib/gcc/arm-none-eabi/9.3.1/../../../../arm-none-eabi/lib/thumb/v7-m/nofp/crt0.o (__libc_init_array)
c:/st/stm32cubeide_1.7.0/stm32cubeide/plugins/com.st.stm32cube.ide.mcu.externaltools.gnu-tools-for-stm32.9-2020-q2-update.win32_2.0.0.202105311346/tools/bin/../lib/gcc/arm-none-eabi/9.3.1/../../../../arm-none-eabi/lib/thumb/v7-m/nofp\libc_nano.a(lib_a-memset.o)
                              c:/st/stm32cubeide_1.7.0/stm32cubeide/plugins/com.st.stm32cube.ide.mcu.externaltools.gnu-tools-for-stm32.9-2020-q2-update.win32_2.0.0.202105311346/tools/bin/../lib/gcc/arm-none-eabi/9.3.1/../../../../arm-none-eabi/lib/thumb/v7-m/nofp/crt0.o (memset)

Allocating common symbols
Common symbol       size              file

j                   0x1               ./Core/Src/main.o
komunikat           0x14              ./Core/Src/main.o
dl_kom              0x1               ./Core/Src/main.o
uwTick              0x4               ./Drivers/STM32F1xx_HAL_Driver/Src/stm32f1xx_hal.o
pFlash              0x20              ./Drivers/STM32F1xx_HAL_Driver/Src/stm32f1xx_hal_flash.o
licznik_stopniowania
                    0x1               ./Core/Src/main.o
B                   0x1               ./Core/Src/main.o
zparsowany          0x3               ./Core/Src/main.o
bufor_PWM2          0x1               ./Core/Src/main.o
i                   0x1               ./Core/Src/main.o
_10ms_go            0x4               ./Core/Src/main.o
G                   0x1               ./Core/Src/main.o
znak                0x1               ./Core/Src/main.o
zparsowany3         0x1               ./Core/Src/main.o
flaga               0x1               ./Core/Src/main.o
htim1               0x48              ./Core/Src/tim.o
zparsowany2         0x1               ./Core/Src/main.o
bufor               0xf               ./Core/Src/main.o
zparsowany1         0x1               ./Core/Src/main.o
R                   0x1               ./Core/Src/main.o
bufor_PWM1          0x1               ./Core/Src/main.o
huart2              0x44              ./Core/Src/usart.o
sukces              0x1               ./Core/Src/main.o
flaga_stopniowanie  0x1               ./Core/Src/main.o
bufor_PWM3          0x1               ./Core/Src/main.o
flaga2              0x1               ./Core/Src/main.o
_licznik_10ms       0x4               ./Core/Src/main.o

Discarded input sections

 .text          0x0000000000000000        0x0 c:/st/stm32cubeide_1.7.0/stm32cubeide/plugins/com.st.stm32cube.ide.mcu.externaltools.gnu-tools-for-stm32.9-2020-q2-update.win32_2.0.0.202105311346/tools/bin/../lib/gcc/arm-none-eabi/9.3.1/thumb/v7-m/nofp/crti.o
 .data          0x0000000000000000        0x0 c:/st/stm32cubeide_1.7.0/stm32cubeide/plugins/com.st.stm32cube.ide.mcu.externaltools.gnu-tools-for-stm32.9-2020-q2-update.win32_2.0.0.202105311346/tools/bin/../lib/gcc/arm-none-eabi/9.3.1/thumb/v7-m/nofp/crti.o
[...]
Memory Configuration

Name             Origin             Length             Attributes
RAM              0x0000000020000000 0x0000000000005000 xrw
FLASH            0x0000000008000000 0x0000000000010000 xr
*default*        0x0000000000000000 0xffffffffffffffff

Linker script and memory map

LOAD c:/st/stm32cubeide_1.7.0/stm32cubeide/plugins/com.st.stm32cube.ide.mcu.externaltools.gnu-tools-for-stm32.9-2020-q2-update.win32_2.0.0.202105311346/tools/bin/../lib/gcc/arm-none-eabi/9.3.1/thumb/v7-m/nofp/crti.o
LOAD c:/st/stm32cubeide_1.7.0/stm32cubeide/plugins/com.st.stm32cube.ide.mcu.externaltools.gnu-tools-for-stm32.9-2020-q2-update.win32_2.0.0.202105311346/tools/bin/../lib/gcc/arm-none-eabi/9.3.1/thumb/v7-m/nofp/crtbegin.o
LOAD c:/st/stm32cubeide_1.7.0/stm32cubeide/plugins/com.st.stm32cube.ide.mcu.externaltools.gnu-tools-for-stm32.9-2020-q2-update.win32_2.0.0.202105311346/tools/bin/../lib/gcc/arm-none-eabi/9.3.1/../../../../arm-none-eabi/lib/thumb/v7-m/nofp/crt0.o
LOAD ./Core/Src/gpio.o
LOAD ./Core/Src/main.o
LOAD ./Core/Src/stm32f1xx_hal_msp.o
LOAD ./Core/Src/stm32f1xx_it.o
LOAD ./Core/Src/syscalls.o
LOAD ./Core/Src/sysmem.o
LOAD ./Core/Src/system_stm32f1xx.o
LOAD ./Core/Src/tim.o
LOAD ./Core/Src/usart.o
LOAD ./Core/Startup/startup_stm32f103c8tx.o
LOAD ./Drivers/STM32F1xx_HAL_Driver/Src/stm32f1xx_hal.o
LOAD ./Drivers/STM32F1xx_HAL_Driver/Src/stm32f1xx_hal_cortex.o
LOAD ./Drivers/STM32F1xx_HAL_Driver/Src/stm32f1xx_hal_dma.o
LOAD ./Drivers/STM32F1xx_HAL_Driver/Src/stm32f1xx_hal_exti.o
LOAD ./Drivers/STM32F1xx_HAL_Driver/Src/stm32f1xx_hal_flash.o
LOAD ./Drivers/STM32F1xx_HAL_Driver/Src/stm32f1xx_hal_flash_ex.o
LOAD ./Drivers/STM32F1xx_HAL_Driver/Src/stm32f1xx_hal_gpio.o
LOAD ./Drivers/STM32F1xx_HAL_Driver/Src/stm32f1xx_hal_gpio_ex.o
LOAD ./Drivers/STM32F1xx_HAL_Driver/Src/stm32f1xx_hal_pwr.o
LOAD ./Drivers/STM32F1xx_HAL_Driver/Src/stm32f1xx_hal_rcc.o
LOAD ./Drivers/STM32F1xx_HAL_Driver/Src/stm32f1xx_hal_rcc_ex.o
LOAD ./Drivers/STM32F1xx_HAL_Driver/Src/stm32f1xx_hal_tim.o
LOAD ./Drivers/STM32F1xx_HAL_Driver/Src/stm32f1xx_hal_tim_ex.o
LOAD ./Drivers/STM32F1xx_HAL_Driver/Src/stm32f1xx_hal_uart.o
START GROUP
LOAD c:/st/stm32cubeide_1.7.0/stm32cubeide/plugins/com.st.stm32cube.ide.mcu.externaltools.gnu-tools-for-stm32.9-2020-q2-update.win32_2.0.0.202105311346/tools/bin/../lib/gcc/arm-none-eabi/9.3.1/../../../../arm-none-eabi/lib/thumb/v7-m/nofp\libc_nano.a
LOAD c:/st/stm32cubeide_1.7.0/stm32cubeide/plugins/com.st.stm32cube.ide.mcu.externaltools.gnu-tools-for-stm32.9-2020-q2-update.win32_2.0.0.202105311346/tools/bin/../lib/gcc/arm-none-eabi/9.3.1/../../../../arm-none-eabi/lib/thumb/v7-m/nofp\libm.a
END GROUP
START GROUP
LOAD c:/st/stm32cubeide_1.7.0/stm32cubeide/plugins/com.st.stm32cube.ide.mcu.externaltools.gnu-tools-for-stm32.9-2020-q2-update.win32_2.0.0.202105311346/tools/bin/../lib/gcc/arm-none-eabi/9.3.1/thumb/v7-m/nofp\libgcc.a
LOAD c:/st/stm32cubeide_1.7.0/stm32cubeide/plugins/com.st.stm32cube.ide.mcu.externaltools.gnu-tools-for-stm32.9-2020-q2-update.win32_2.0.0.202105311346/tools/bin/../lib/gcc/arm-none-eabi/9.3.1/../../../../arm-none-eabi/lib/thumb/v7-m/nofp\libc_nano.a
END GROUP
START GROUP
LOAD c:/st/stm32cubeide_1.7.0/stm32cubeide/plugins/com.st.stm32cube.ide.mcu.externaltools.gnu-tools-for-stm32.9-2020-q2-update.win32_2.0.0.202105311346/tools/bin/../lib/gcc/arm-none-eabi/9.3.1/thumb/v7-m/nofp\libgcc.a
LOAD c:/st/stm32cubeide_1.7.0/stm32cubeide/plugins/com.st.stm32cube.ide.mcu.externaltools.gnu-tools-for-stm32.9-2020-q2-update.win32_2.0.0.202105311346/tools/bin/../lib/gcc/arm-none-eabi/9.3.1/../../../../arm-none-eabi/lib/thumb/v7-m/nofp\libc_nano.a
LOAD c:/st/stm32cubeide_1.7.0/stm32cubeide/plugins/com.st.stm32cube.ide.mcu.externaltools.gnu-tools-for-stm32.9-2020-q2-update.win32_2.0.0.202105311346/tools/bin/../lib/gcc/arm-none-eabi/9.3.1/../../../../arm-none-eabi/lib/thumb/v7-m/nofp\libnosys.a
END GROUP
START GROUP
LOAD c:/st/stm32cubeide_1.7.0/stm32cubeide/plugins/com.st.stm32cube.ide.mcu.externaltools.gnu-tools-for-stm32.9-2020-q2-update.win32_2.0.0.202105311346/tools/bin/../lib/gcc/arm-none-eabi/9.3.1/thumb/v7-m/nofp\libgcc.a
LOAD c:/st/stm32cubeide_1.7.0/stm32cubeide/plugins/com.st.stm32cube.ide.mcu.externaltools.gnu-tools-for-stm32.9-2020-q2-update.win32_2.0.0.202105311346/tools/bin/../lib/gcc/arm-none-eabi/9.3.1/../../../../arm-none-eabi/lib/thumb/v7-m/nofp\libc_nano.a
LOAD c:/st/stm32cubeide_1.7.0/stm32cubeide/plugins/com.st.stm32cube.ide.mcu.externaltools.gnu-tools-for-stm32.9-2020-q2-update.win32_2.0.0.202105311346/tools/bin/../lib/gcc/arm-none-eabi/9.3.1/../../../../arm-none-eabi/lib/thumb/v7-m/nofp\libnosys.a
END GROUP
LOAD c:/st/stm32cubeide_1.7.0/stm32cubeide/plugins/com.st.stm32cube.ide.mcu.externaltools.gnu-tools-for-stm32.9-2020-q2-update.win32_2.0.0.202105311346/tools/bin/../lib/gcc/arm-none-eabi/9.3.1/thumb/v7-m/nofp/crtend.o
LOAD c:/st/stm32cubeide_1.7.0/stm32cubeide/plugins/com.st.stm32cube.ide.mcu.externaltools.gnu-tools-for-stm32.9-2020-q2-update.win32_2.0.0.202105311346/tools/bin/../lib/gcc/arm-none-eabi/9.3.1/thumb/v7-m/nofp/crtn.o
                0x0000000020005000                _estack = (ORIGIN (RAM) + LENGTH (RAM))
                0x0000000000000200                _Min_Heap_Size = 0x200
                0x0000000000000400                _Min_Stack_Size = 0x400

.isr_vector     0x0000000008000000      0x10c
                0x0000000008000000                . = ALIGN (0x4)
 *(.isr_vector)
 .isr_vector    0x0000000008000000      0x10c ./Core/Startup/startup_stm32f103c8tx.o
                0x0000000008000000                g_pfnVectors
                0x000000000800010c                . = ALIGN (0x4)

.text           0x000000000800010c     0x2f88
                0x000000000800010c                . = ALIGN (0x4)
 *(.text)
 .text          0x000000000800010c       0x40 c:/st/stm32cubeide_1.7.0/stm32cubeide/plugins/com.st.stm32cube.ide.mcu.externaltools.gnu-tools-for-stm32.9-2020-q2-update.win32_2.0.0.202105311346/tools/bin/../lib/gcc/arm-none-eabi/9.3.1/thumb/v7-m/nofp/crtbegin.o
 *(.text*)
 .text.MX_GPIO_Init
                0x000000000800014c       0x44 ./Core/Src/gpio.o
                0x000000000800014c                MX_GPIO_Init
 .text.Moje_Systick_Handle
                0x0000000008000190       0x40 ./Core/Src/main.o
                0x0000000008000190                Moje_Systick_Handle
 .text.parsowanie_RGB
                0x00000000080001d0      0x220 ./Core/Src/main.o
                0x00000000080001d0                parsowanie_RGB
 .text.main     0x00000000080003f0      0x274 ./Core/Src/main.o
                0x00000000080003f0                main
 .text.SystemClock_Config
                0x0000000008000664       0x8a ./Core/Src/main.o
                0x0000000008000664                SystemClock_Config
 *fill*         0x00000000080006ee        0x2 
 .text.HAL_UART_RxCpltCallback
                0x00000000080006f0       0x3c ./Core/Src/main.o
                0x00000000080006f0                HAL_UART_RxCpltCallback
 .text.Error_Handler
                0x000000000800072c        0xc ./Core/Src/main.o
                0x000000000800072c                Error_Handler
 .text.HAL_MspInit
                0x0000000008000738       0x64 ./Core/Src/stm32f1xx_hal_msp.o
                0x0000000008000738                HAL_MspInit
 .text.NMI_Handler
                0x000000000800079c        0x6 ./Core/Src/stm32f1xx_it.o
                0x000000000800079c                NMI_Handler
 .text.HardFault_Handler
                0x00000000080007a2        0x6 ./Core/Src/stm32f1xx_it.o
                0x00000000080007a2                HardFault_Handler
 .text.MemManage_Handler
                0x00000000080007a8        0x6 ./Core/Src/stm32f1xx_it.o
                0x00000000080007a8                MemManage_Handler
 .text.BusFault_Handler
                0x00000000080007ae        0x6 ./Core/Src/stm32f1xx_it.o
                0x00000000080007ae                BusFault_Handler
 .text.UsageFault_Handler
                0x00000000080007b4        0x6 ./Core/Src/stm32f1xx_it.o
                0x00000000080007b4                UsageFault_Handler
 .text.SVC_Handler
                0x00000000080007ba        0xc ./Core/Src/stm32f1xx_it.o
                0x00000000080007ba                SVC_Handler
 .text.DebugMon_Handler
                0x00000000080007c6        0xc ./Core/Src/stm32f1xx_it.o
                0x00000000080007c6                DebugMon_Handler
 .text.PendSV_Handler
                0x00000000080007d2        0xc ./Core/Src/stm32f1xx_it.o
                0x00000000080007d2                PendSV_Handler
 .text.SysTick_Handler
                0x00000000080007de       0x10 ./Core/Src/stm32f1xx_it.o
                0x00000000080007de                SysTick_Handler
 *fill*         0x00000000080007ee        0x2 
 .text.USART2_IRQHandler
                0x00000000080007f0       0x14 ./Core/Src/stm32f1xx_it.o
                0x00000000080007f0                USART2_IRQHandler
 .text.SystemInit
                0x0000000008000804        0xc ./Core/Src/system_stm32f1xx.o
                0x0000000008000804                SystemInit
 .text.MX_TIM1_Init
                0x0000000008000810      0x174 ./Core/Src/tim.o
                0x0000000008000810                MX_TIM1_Init
 .text.HAL_TIM_Base_MspInit
                0x0000000008000984       0x3c ./Core/Src/tim.o
                0x0000000008000984                HAL_TIM_Base_MspInit
 .text.HAL_TIM_MspPostInit
                0x00000000080009c0       0x68 ./Core/Src/tim.o
                0x00000000080009c0                HAL_TIM_MspPostInit
 .text.MX_USART2_UART_Init
                0x0000000008000a28       0x54 ./Core/Src/usart.o
                0x0000000008000a28                MX_USART2_UART_Init
 .text.HAL_UART_MspInit
                0x0000000008000a7c       0xa4 ./Core/Src/usart.o
                0x0000000008000a7c                HAL_UART_MspInit
 .text.Reset_Handler
                0x0000000008000b20       0x48 ./Core/Startup/startup_stm32f103c8tx.o
                0x0000000008000b20                Reset_Handler
 .text.Default_Handler
                0x0000000008000b68        0x2 ./Core/Startup/startup_stm32f103c8tx.o
                0x0000000008000b68                RTC_Alarm_IRQHandler
                0x0000000008000b68                EXTI2_IRQHandler
                0x0000000008000b68                TIM1_CC_IRQHandler
                0x0000000008000b68                PVD_IRQHandler
                0x0000000008000b68                EXTI3_IRQHandler
                0x0000000008000b68                EXTI0_IRQHandler
                0x0000000008000b68                I2C2_EV_IRQHandler
                0x0000000008000b68                ADC1_2_IRQHandler
                0x0000000008000b68                SPI1_IRQHandler
                0x0000000008000b68                TAMPER_IRQHandler
                0x0000000008000b68                DMA1_Channel4_IRQHandler
                0x0000000008000b68                USART3_IRQHandler
                0x0000000008000b68                RTC_IRQHandler
                0x0000000008000b68                DMA1_Channel7_IRQHandler
                0x0000000008000b68                CAN1_RX1_IRQHandler
                0x0000000008000b68                TIM4_IRQHandler
                0x0000000008000b68                I2C1_EV_IRQHandler
                0x0000000008000b68                DMA1_Channel6_IRQHandler
                0x0000000008000b68                TIM3_IRQHandler
                0x0000000008000b68                RCC_IRQHandler
                0x0000000008000b68                TIM1_TRG_COM_IRQHandler
                0x0000000008000b68                DMA1_Channel1_IRQHandler
                0x0000000008000b68                Default_Handler
                0x0000000008000b68                EXTI15_10_IRQHandler
                0x0000000008000b68                EXTI9_5_IRQHandler
                0x0000000008000b68                SPI2_IRQHandler
                0x0000000008000b68                DMA1_Channel5_IRQHandler
                0x0000000008000b68                EXTI4_IRQHandler
                0x0000000008000b68                USB_LP_CAN1_RX0_IRQHandler
                0x0000000008000b68                USB_HP_CAN1_TX_IRQHandler
                0x0000000008000b68                DMA1_Channel3_IRQHandler
                0x0000000008000b68                TIM1_UP_IRQHandler
                0x0000000008000b68                WWDG_IRQHandler
                0x0000000008000b68                TIM2_IRQHandler
                0x0000000008000b68                TIM1_BRK_IRQHandler
                0x0000000008000b68                EXTI1_IRQHandler
                0x0000000008000b68                I2C2_ER_IRQHandler
                0x0000000008000b68                DMA1_Channel2_IRQHandler
                0x0000000008000b68                CAN1_SCE_IRQHandler
                0x0000000008000b68                FLASH_IRQHandler
                0x0000000008000b68                USART1_IRQHandler
                0x0000000008000b68                I2C1_ER_IRQHandler
                0x0000000008000b68                USBWakeUp_IRQHandler
 *fill*         0x0000000008000b6a        0x2 
 .text.HAL_Init
                0x0000000008000b6c       0x2c ./Drivers/STM32F1xx_HAL_Driver/Src/stm32f1xx_hal.o
                0x0000000008000b6c                HAL_Init
 .text.HAL_InitTick
                0x0000000008000b98       0x60 ./Drivers/STM32F1xx_HAL_Driver/Src/stm32f1xx_hal.o
                0x0000000008000b98                HAL_InitTick
 .text.HAL_IncTick
                0x0000000008000bf8       0x24 ./Drivers/STM32F1xx_HAL_Driver/Src/stm32f1xx_hal.o
                0x0000000008000bf8                HAL_IncTick
 .text.HAL_GetTick
                0x0000000008000c1c       0x14 ./Drivers/STM32F1xx_HAL_Driver/Src/stm32f1xx_hal.o
                0x0000000008000c1c                HAL_GetTick
 .text.HAL_Delay
                0x0000000008000c30       0x48 ./Drivers/STM32F1xx_HAL_Driver/Src/stm32f1xx_hal.o
                0x0000000008000c30                HAL_Delay
 .text.__NVIC_SetPriorityGrouping
                0x0000000008000c78       0x48 ./Drivers/STM32F1xx_HAL_Driver/Src/stm32f1xx_hal_cortex.o
 .text.__NVIC_GetPriorityGrouping
                0x0000000008000cc0       0x1c ./Drivers/STM32F1xx_HAL_Driver/Src/stm32f1xx_hal_cortex.o
 .text.__NVIC_EnableIRQ
                0x0000000008000cdc       0x38 ./Drivers/STM32F1xx_HAL_Driver/Src/stm32f1xx_hal_cortex.o
 .text.__NVIC_SetPriority
                0x0000000008000d14       0x54 ./Drivers/STM32F1xx_HAL_Driver/Src/stm32f1xx_hal_cortex.o
 .text.NVIC_EncodePriority
                0x0000000008000d68       0x64 ./Drivers/STM32F1xx_HAL_Driver/Src/stm32f1xx_hal_cortex.o
 .text.SysTick_Config
                0x0000000008000dcc       0x44 ./Drivers/STM32F1xx_HAL_Driver/Src/stm32f1xx_hal_cortex.o
 .text.HAL_NVIC_SetPriorityGrouping
                0x0000000008000e10       0x16 ./Drivers/STM32F1xx_HAL_Driver/Src/stm32f1xx_hal_cortex.o
                0x0000000008000e10                HAL_NVIC_SetPriorityGrouping
 .text.HAL_NVIC_SetPriority
                0x0000000008000e26       0x38 ./Drivers/STM32F1xx_HAL_Driver/Src/stm32f1xx_hal_cortex.o
                0x0000000008000e26                HAL_NVIC_SetPriority
 .text.HAL_NVIC_EnableIRQ
                0x0000000008000e5e       0x1c ./Drivers/STM32F1xx_HAL_Driver/Src/stm32f1xx_hal_cortex.o
                0x0000000008000e5e                HAL_NVIC_EnableIRQ
 .text.HAL_SYSTICK_Config
                0x0000000008000e7a       0x18 ./Drivers/STM32F1xx_HAL_Driver/Src/stm32f1xx_hal_cortex.o
                0x0000000008000e7a                HAL_SYSTICK_Config
 .text.HAL_DMA_Abort
                0x0000000008000e92       0x74 ./Drivers/STM32F1xx_HAL_Driver/Src/stm32f1xx_hal_dma.o
                0x0000000008000e92                HAL_DMA_Abort
 *fill*         0x0000000008000f06        0x2 
 .text.HAL_DMA_Abort_IT
                0x0000000008000f08       0xec ./Drivers/STM32F1xx_HAL_Driver/Src/stm32f1xx_hal_dma.o
                0x0000000008000f08                HAL_DMA_Abort_IT
 .text.HAL_GPIO_Init
                0x0000000008000ff4      0x308 ./Drivers/STM32F1xx_HAL_Driver/Src/stm32f1xx_hal_gpio.o
                0x0000000008000ff4                HAL_GPIO_Init
 .text.HAL_RCC_OscConfig
                0x00000000080012fc      0x500 ./Drivers/STM32F1xx_HAL_Driver/Src/stm32f1xx_hal_rcc.o
                0x00000000080012fc                HAL_RCC_OscConfig
 .text.HAL_RCC_ClockConfig
                0x00000000080017fc      0x1d4 ./Drivers/STM32F1xx_HAL_Driver/Src/stm32f1xx_hal_rcc.o
                0x00000000080017fc                HAL_RCC_ClockConfig
 .text.HAL_RCC_GetSysClockFreq
                0x00000000080019d0       0xc0 ./Drivers/STM32F1xx_HAL_Driver/Src/stm32f1xx_hal_rcc.o
                0x00000000080019d0                HAL_RCC_GetSysClockFreq
 .text.HAL_RCC_GetHCLKFreq
                0x0000000008001a90       0x14 ./Drivers/STM32F1xx_HAL_Driver/Src/stm32f1xx_hal_rcc.o
                0x0000000008001a90                HAL_RCC_GetHCLKFreq
 .text.HAL_RCC_GetPCLK1Freq
                0x0000000008001aa4       0x28 ./Drivers/STM32F1xx_HAL_Driver/Src/stm32f1xx_hal_rcc.o
                0x0000000008001aa4                HAL_RCC_GetPCLK1Freq
 .text.HAL_RCC_GetPCLK2Freq
                0x0000000008001acc       0x28 ./Drivers/STM32F1xx_HAL_Driver/Src/stm32f1xx_hal_rcc.o
                0x0000000008001acc                HAL_RCC_GetPCLK2Freq
 .text.RCC_Delay
                0x0000000008001af4       0x3c ./Drivers/STM32F1xx_HAL_Driver/Src/stm32f1xx_hal_rcc.o
 .text.HAL_TIM_Base_Init
                0x0000000008001b30       0x9e ./Drivers/STM32F1xx_HAL_Driver/Src/stm32f1xx_hal_tim.o
                0x0000000008001b30                HAL_TIM_Base_Init
 .text.HAL_TIM_PWM_Init
                0x0000000008001bce       0x9e ./Drivers/STM32F1xx_HAL_Driver/Src/stm32f1xx_hal_tim.o
                0x0000000008001bce                HAL_TIM_PWM_Init
 .text.HAL_TIM_PWM_MspInit
                0x0000000008001c6c       0x12 ./Drivers/STM32F1xx_HAL_Driver/Src/stm32f1xx_hal_tim.o
                0x0000000008001c6c                HAL_TIM_PWM_MspInit
 *fill*         0x0000000008001c7e        0x2 
 .text.HAL_TIM_PWM_Start
                0x0000000008001c80      0x144 ./Drivers/STM32F1xx_HAL_Driver/Src/stm32f1xx_hal_tim.o
                0x0000000008001c80                HAL_TIM_PWM_Start
 .text.HAL_TIM_PWM_ConfigChannel
                0x0000000008001dc4      0x17c ./Drivers/STM32F1xx_HAL_Driver/Src/stm32f1xx_hal_tim.o
                0x0000000008001dc4                HAL_TIM_PWM_ConfigChannel
 .text.HAL_TIM_ConfigClockSource
                0x0000000008001f40      0x188 ./Drivers/STM32F1xx_HAL_Driver/Src/stm32f1xx_hal_tim.o
                0x0000000008001f40                HAL_TIM_ConfigClockSource
 .text.TIM_Base_SetConfig
                0x00000000080020c8       0xc4 ./Drivers/STM32F1xx_HAL_Driver/Src/stm32f1xx_hal_tim.o
                0x00000000080020c8                TIM_Base_SetConfig
 .text.TIM_OC1_SetConfig
                0x000000000800218c       0xcc ./Drivers/STM32F1xx_HAL_Driver/Src/stm32f1xx_hal_tim.o
 .text.TIM_OC2_SetConfig
                0x0000000008002258       0xd4 ./Drivers/STM32F1xx_HAL_Driver/Src/stm32f1xx_hal_tim.o
                0x0000000008002258                TIM_OC2_SetConfig
 .text.TIM_OC3_SetConfig
                0x000000000800232c       0xd4 ./Drivers/STM32F1xx_HAL_Driver/Src/stm32f1xx_hal_tim.o
 .text.TIM_OC4_SetConfig
                0x0000000008002400       0x9c ./Drivers/STM32F1xx_HAL_Driver/Src/stm32f1xx_hal_tim.o
 .text.TIM_TI1_ConfigInputStage
                0x000000000800249c       0x5c ./Drivers/STM32F1xx_HAL_Driver/Src/stm32f1xx_hal_tim.o
 .text.TIM_TI2_ConfigInputStage
                0x00000000080024f8       0x5e ./Drivers/STM32F1xx_HAL_Driver/Src/stm32f1xx_hal_tim.o
 .text.TIM_ITRx_SetConfig
                0x0000000008002556       0x34 ./Drivers/STM32F1xx_HAL_Driver/Src/stm32f1xx_hal_tim.o
 .text.TIM_ETR_SetConfig
                0x000000000800258a       0x3e ./Drivers/STM32F1xx_HAL_Driver/Src/stm32f1xx_hal_tim.o
                0x000000000800258a                TIM_ETR_SetConfig
 .text.TIM_CCxChannelCmd
                0x00000000080025c8       0x48 ./Drivers/STM32F1xx_HAL_Driver/Src/stm32f1xx_hal_tim.o
                0x00000000080025c8                TIM_CCxChannelCmd
 .text.HAL_TIMEx_MasterConfigSynchronization
                0x0000000008002610       0xbc ./Drivers/STM32F1xx_HAL_Driver/Src/stm32f1xx_hal_tim_ex.o
                0x0000000008002610                HAL_TIMEx_MasterConfigSynchronization
 .text.HAL_TIMEx_ConfigBreakDeadTime
                0x00000000080026cc       0xa2 ./Drivers/STM32F1xx_HAL_Driver/Src/stm32f1xx_hal_tim_ex.o
                0x00000000080026cc                HAL_TIMEx_ConfigBreakDeadTime
 .text.HAL_UART_Init
                0x000000000800276e       0x9a ./Drivers/STM32F1xx_HAL_Driver/Src/stm32f1xx_hal_uart.o
                0x000000000800276e                HAL_UART_Init
 .text.HAL_UART_Receive_IT
                0x0000000008002808       0x60 ./Drivers/STM32F1xx_HAL_Driver/Src/stm32f1xx_hal_uart.o
                0x0000000008002808                HAL_UART_Receive_IT
 .text.HAL_UART_IRQHandler
                0x0000000008002868      0x354 ./Drivers/STM32F1xx_HAL_Driver/Src/stm32f1xx_hal_uart.o
                0x0000000008002868                HAL_UART_IRQHandler
 .text.HAL_UART_TxCpltCallback
                0x0000000008002bbc       0x12 ./Drivers/STM32F1xx_HAL_Driver/Src/stm32f1xx_hal_uart.o
                0x0000000008002bbc                HAL_UART_TxCpltCallback
 .text.HAL_UART_ErrorCallback
                0x0000000008002bce       0x12 ./Drivers/STM32F1xx_HAL_Driver/Src/stm32f1xx_hal_uart.o
                0x0000000008002bce                HAL_UART_ErrorCallback
 .text.HAL_UARTEx_RxEventCallback
                0x0000000008002be0       0x16 ./Drivers/STM32F1xx_HAL_Driver/Src/stm32f1xx_hal_uart.o
                0x0000000008002be0                HAL_UARTEx_RxEventCallback
 .text.UART_Start_Receive_IT
                0x0000000008002bf6       0x72 ./Drivers/STM32F1xx_HAL_Driver/Src/stm32f1xx_hal_uart.o
                0x0000000008002bf6                UART_Start_Receive_IT
 .text.UART_EndRxTransfer
                0x0000000008002c68       0x58 ./Drivers/STM32F1xx_HAL_Driver/Src/stm32f1xx_hal_uart.o
 .text.UART_DMAAbortOnError
                0x0000000008002cc0       0x28 ./Drivers/STM32F1xx_HAL_Driver/Src/stm32f1xx_hal_uart.o
 .text.UART_Transmit_IT
                0x0000000008002ce8       0x9e ./Drivers/STM32F1xx_HAL_Driver/Src/stm32f1xx_hal_uart.o
 .text.UART_EndTransmit_IT
                0x0000000008002d86       0x30 ./Drivers/STM32F1xx_HAL_Driver/Src/stm32f1xx_hal_uart.o
 .text.UART_Receive_IT
                0x0000000008002db6      0x152 ./Drivers/STM32F1xx_HAL_Driver/Src/stm32f1xx_hal_uart.o
 .text.UART_SetConfig
                0x0000000008002f08      0x11c ./Drivers/STM32F1xx_HAL_Driver/Src/stm32f1xx_hal_uart.o
 .text.__libc_init_array
                0x0000000008003024       0x48 c:/st/stm32cubeide_1.7.0/stm32cubeide/plugins/com.st.stm32cube.ide.mcu.externaltools.gnu-tools-for-stm32.9-2020-q2-update.win32_2.0.0.202105311346/tools/bin/../lib/gcc/arm-none-eabi/9.3.1/../../../../arm-none-eabi/lib/thumb/v7-m/nofp\libc_nano.a(lib_a-init.o)
                0x0000000008003024                __libc_init_array
 .text.memset   0x000000000800306c       0x10 c:/st/stm32cubeide_1.7.0/stm32cubeide/plugins/com.st.stm32cube.ide.mcu.externaltools.gnu-tools-for-stm32.9-2020-q2-update.win32_2.0.0.202105311346/tools/bin/../lib/gcc/arm-none-eabi/9.3.1/../../../../arm-none-eabi/lib/thumb/v7-m/nofp\libc_nano.a(lib_a-memset.o)
                0x000000000800306c                memset
 *(.glue_7)
 .glue_7        0x000000000800307c        0x0 linker stubs
 *(.glue_7t)
 .glue_7t       0x000000000800307c        0x0 linker stubs
 *(.eh_frame)
 .eh_frame      0x000000000800307c        0x0 c:/st/stm32cubeide_1.7.0/stm32cubeide/plugins/com.st.stm32cube.ide.mcu.externaltools.gnu-tools-for-stm32.9-2020-q2-update.win32_2.0.0.202105311346/tools/bin/../lib/gcc/arm-none-eabi/9.3.1/thumb/v7-m/nofp/crtbegin.o
 *(.init)
 .init          0x000000000800307c        0x4 c:/st/stm32cubeide_1.7.0/stm32cubeide/plugins/com.st.stm32cube.ide.mcu.externaltools.gnu-tools-for-stm32.9-2020-q2-update.win32_2.0.0.202105311346/tools/bin/../lib/gcc/arm-none-eabi/9.3.1/thumb/v7-m/nofp/crti.o
                0x000000000800307c                _init
 .init          0x0000000008003080        0x8 c:/st/stm32cubeide_1.7.0/stm32cubeide/plugins/com.st.stm32cube.ide.mcu.externaltools.gnu-tools-for-stm32.9-2020-q2-update.win32_2.0.0.202105311346/tools/bin/../lib/gcc/arm-none-eabi/9.3.1/thumb/v7-m/nofp/crtn.o
 *(.fini)
 .fini          0x0000000008003088        0x4 c:/st/stm32cubeide_1.7.0/stm32cubeide/plugins/com.st.stm32cube.ide.mcu.externaltools.gnu-tools-for-stm32.9-2020-q2-update.win32_2.0.0.202105311346/tools/bin/../lib/gcc/arm-none-eabi/9.3.1/thumb/v7-m/nofp/crti.o
                0x0000000008003088                _fini
 .fini          0x000000000800308c        0x8 c:/st/stm32cubeide_1.7.0/stm32cubeide/plugins/com.st.stm32cube.ide.mcu.externaltools.gnu-tools-for-stm32.9-2020-q2-update.win32_2.0.0.202105311346/tools/bin/../lib/gcc/arm-none-eabi/9.3.1/thumb/v7-m/nofp/crtn.o
                0x0000000008003094                . = ALIGN (0x4)
                0x0000000008003094                _etext = .

.vfp11_veneer   0x0000000008003094        0x0
 .vfp11_veneer  0x0000000008003094        0x0 linker stubs

.v4_bx          0x0000000008003094        0x0
 .v4_bx         0x0000000008003094        0x0 linker stubs

.iplt           0x0000000008003094        0x0
 .iplt          0x0000000008003094        0x0 c:/st/stm32cubeide_1.7.0/stm32cubeide/plugins/com.st.stm32cube.ide.mcu.externaltools.gnu-tools-for-stm32.9-2020-q2-update.win32_2.0.0.202105311346/tools/bin/../lib/gcc/arm-none-eabi/9.3.1/thumb/v7-m/nofp/crtbegin.o

.rodata         0x0000000008003094       0x28
                0x0000000008003094                . = ALIGN (0x4)
 *(.rodata)
 .rodata        0x0000000008003094       0x10 ./Drivers/STM32F1xx_HAL_Driver/Src/stm32f1xx_hal_rcc.o
 *(.rodata*)
 .rodata.AHBPrescTable
                0x00000000080030a4       0x10 ./Core/Src/system_stm32f1xx.o
                0x00000000080030a4                AHBPrescTable
 .rodata.APBPrescTable
                0x00000000080030b4        0x8 ./Core/Src/system_stm32f1xx.o
                0x00000000080030b4                APBPrescTable
                0x00000000080030bc                . = ALIGN (0x4)

.rel.dyn        0x00000000080030bc        0x0
 .rel.iplt      0x00000000080030bc        0x0 c:/st/stm32cubeide_1.7.0/stm32cubeide/plugins/com.st.stm32cube.ide.mcu.externaltools.gnu-tools-for-stm32.9-2020-q2-update.win32_2.0.0.202105311346/tools/bin/../lib/gcc/arm-none-eabi/9.3.1/thumb/v7-m/nofp/crtbegin.o

.ARM.extab      0x00000000080030bc        0x0
                0x00000000080030bc                . = ALIGN (0x4)
 *(.ARM.extab* .gnu.linkonce.armextab.*)
                0x00000000080030bc                . = ALIGN (0x4)

.ARM            0x00000000080030bc        0x0
                0x00000000080030bc                . = ALIGN (0x4)
                0x00000000080030bc                __exidx_start = .
 *(.ARM.exidx*)
                0x00000000080030bc                __exidx_end = .
                0x00000000080030bc                . = ALIGN (0x4)

.preinit_array  0x00000000080030bc        0x0
                0x00000000080030bc                . = ALIGN (0x4)
                0x00000000080030bc                PROVIDE (__preinit_array_start = .)
 *(.preinit_array*)
                0x00000000080030bc                PROVIDE (__preinit_array_end = .)
                0x00000000080030bc                . = ALIGN (0x4)

.init_array     0x00000000080030bc        0x4
                0x00000000080030bc                . = ALIGN (0x4)
                0x00000000080030bc                PROVIDE (__init_array_start = .)
 *(SORT_BY_NAME(.init_array.*))
 *(.init_array*)
 .init_array    0x00000000080030bc        0x4 c:/st/stm32cubeide_1.7.0/stm32cubeide/plugins/com.st.stm32cube.ide.mcu.externaltools.gnu-tools-for-stm32.9-2020-q2-update.win32_2.0.0.202105311346/tools/bin/../lib/gcc/arm-none-eabi/9.3.1/thumb/v7-m/nofp/crtbegin.o
                0x00000000080030c0                PROVIDE (__init_array_end = .)
                0x00000000080030c0                . = ALIGN (0x4)

.fini_array     0x00000000080030c0        0x4
                0x00000000080030c0                . = ALIGN (0x4)
                [!provide]                        PROVIDE (__fini_array_start = .)
 *(SORT_BY_NAME(.fini_array.*))
 *(.fini_array*)
 .fini_array    0x00000000080030c0        0x4 c:/st/stm32cubeide_1.7.0/stm32cubeide/plugins/com.st.stm32cube.ide.mcu.externaltools.gnu-tools-for-stm32.9-2020-q2-update.win32_2.0.0.202105311346/tools/bin/../lib/gcc/arm-none-eabi/9.3.1/thumb/v7-m/nofp/crtbegin.o
                [!provide]                        PROVIDE (__fini_array_end = .)
                0x00000000080030c4                . = ALIGN (0x4)
                0x00000000080030c4                _sidata = LOADADDR (.data)

.data           0x0000000020000000        0xc load address 0x00000000080030c4
                0x0000000020000000                . = ALIGN (0x4)
                0x0000000020000000                _sdata = .
 *(.data)
 *(.data*)
 .data.SystemCoreClock
                0x0000000020000000        0x4 ./Core/Src/system_stm32f1xx.o
                0x0000000020000000                SystemCoreClock
 .data.uwTickPrio
                0x0000000020000004        0x4 ./Drivers/STM32F1xx_HAL_Driver/Src/stm32f1xx_hal.o
                0x0000000020000004                uwTickPrio
 .data.uwTickFreq
                0x0000000020000008        0x1 ./Drivers/STM32F1xx_HAL_Driver/Src/stm32f1xx_hal.o
                0x0000000020000008                uwTickFreq
 *(.RamFunc)
 *(.RamFunc*)
                0x000000002000000c                . = ALIGN (0x4)
 *fill*         0x0000000020000009        0x3 
                0x000000002000000c                _edata = .

.igot.plt       0x000000002000000c        0x0 load address 0x00000000080030d0
 .igot.plt      0x000000002000000c        0x0 c:/st/stm32cubeide_1.7.0/stm32cubeide/plugins/com.st.stm32cube.ide.mcu.externaltools.gnu-tools-for-stm32.9-2020-q2-update.win32_2.0.0.202105311346/tools/bin/../lib/gcc/arm-none-eabi/9.3.1/thumb/v7-m/nofp/crtbegin.o
                0x000000002000000c                . = ALIGN (0x4)

.bss            0x000000002000000c       0xfc load address 0x00000000080030d0
                0x000000002000000c                _sbss = .
                0x000000002000000c                __bss_start__ = _sbss
 *(.bss)
 .bss           0x000000002000000c       0x1c c:/st/stm32cubeide_1.7.0/stm32cubeide/plugins/com.st.stm32cube.ide.mcu.externaltools.gnu-tools-for-stm32.9-2020-q2-update.win32_2.0.0.202105311346/tools/bin/../lib/gcc/arm-none-eabi/9.3.1/thumb/v7-m/nofp/crtbegin.o
 *(.bss*)
 .bss.licznik   0x0000000020000028        0x1 ./Core/Src/main.o
                0x0000000020000028                licznik
 *(COMMON)
 *fill*         0x0000000020000029        0x3 
 COMMON         0x000000002000002c       0x4c ./Core/Src/main.o
                0x000000002000002c                j
                0x0000000020000030                komunikat
                0x0000000020000044                dl_kom
                0x0000000020000045                licznik_stopniowania
                0x0000000020000046                B
                0x0000000020000048                zparsowany
                0x000000002000004b                bufor_PWM2
                0x000000002000004c                i
                0x0000000020000050                _10ms_go
                0x0000000020000054                G
                0x0000000020000055                znak
                0x0000000020000056                zparsowany3
                0x0000000020000057                flaga
                0x0000000020000058                zparsowany2
                0x000000002000005c                bufor
                0x000000002000006b                zparsowany1
                0x000000002000006c                R
                0x000000002000006d                bufor_PWM1
                0x000000002000006e                sukces
                0x000000002000006f                flaga_stopniowanie
                0x0000000020000070                bufor_PWM3
                0x0000000020000071                flaga2
                0x0000000020000074                _licznik_10ms
 COMMON         0x0000000020000078       0x48 ./Core/Src/tim.o
                0x0000000020000078                htim1
 COMMON         0x00000000200000c0       0x44 ./Core/Src/usart.o
                0x00000000200000c0                huart2
 COMMON         0x0000000020000104        0x4 ./Drivers/STM32F1xx_HAL_Driver/Src/stm32f1xx_hal.o
                0x0000000020000104                uwTick
                0x0000000020000108                . = ALIGN (0x4)
                0x0000000020000108                _ebss = .
                0x0000000020000108                __bss_end__ = _ebss

._user_heap_stack
                0x0000000020000108      0x600 load address 0x00000000080030d0
                0x0000000020000108                . = ALIGN (0x8)
                [!provide]                        PROVIDE (end = .)
                0x0000000020000108                PROVIDE (_end = .)
                0x0000000020000308                . = (. + _Min_Heap_Size)
 *fill*         0x0000000020000108      0x200 
                0x0000000020000708                . = (. + _Min_Stack_Size)
 *fill*         0x0000000020000308      0x400 
                0x0000000020000708                . = ALIGN (0x8)

/DISCARD/
 libc.a(*)
 libm.a(*)
 libgcc.a(*)

.ARM.attributes
                0x0000000000000000       0x29
 *(.ARM.attributes)
 .ARM.attributes
                0x0000000000000000       0x1d c:/st/stm32cubeide_1.7.0/stm32cubeide/plugins/com.st.stm32cube.ide.mcu.externaltools.gnu-tools-for-stm32.9-2020-q2-update.win32_2.0.0.202105311346/tools/bin/../lib/gcc/arm-none-eabi/9.3.1/thumb/v7-m/nofp/crti.o
 .ARM.attributes
                0x000000000000001d       0x2d c:/st/stm32cubeide_1.7.0/stm32cubeide/plugins/com.st.stm32cube.ide.mcu.externaltools.gnu-tools-for-stm32.9-2020-q2-update.win32_2.0.0.202105311346/tools/bin/../lib/gcc/arm-none-eabi/9.3.1/thumb/v7-m/nofp/crtbegin.o
 .ARM.attributes
                0x000000000000004a       0x2d ./Core/Src/gpio.o
 .ARM.attributes
                0x0000000000000077       0x2d ./Core/Src/main.o
 .ARM.attributes
                0x00000000000000a4       0x2d ./Core/Src/stm32f1xx_hal_msp.o
 .ARM.attributes
                0x00000000000000d1       0x2d ./Core/Src/stm32f1xx_it.o
 .ARM.attributes
                0x00000000000000fe       0x2d ./Core/Src/system_stm32f1xx.o
 .ARM.attributes
                0x000000000000012b       0x2d ./Core/Src/tim.o
 .ARM.attributes
                0x0000000000000158       0x2d ./Core/Src/usart.o
 .ARM.attributes
                0x0000000000000185       0x21 ./Core/Startup/startup_stm32f103c8tx.o
 .ARM.attributes
                0x00000000000001a6       0x2d ./Drivers/STM32F1xx_HAL_Driver/Src/stm32f1xx_hal.o
 .ARM.attributes
                0x00000000000001d3       0x2d ./Drivers/STM32F1xx_HAL_Driver/Src/stm32f1xx_hal_cortex.o
 .ARM.attributes
                0x0000000000000200       0x2d ./Drivers/STM32F1xx_HAL_Driver/Src/stm32f1xx_hal_dma.o
 .ARM.attributes
                0x000000000000022d       0x2d ./Drivers/STM32F1xx_HAL_Driver/Src/stm32f1xx_hal_gpio.o
 .ARM.attributes
                0x000000000000025a       0x2d ./Drivers/STM32F1xx_HAL_Driver/Src/stm32f1xx_hal_rcc.o
 .ARM.attributes
                0x0000000000000287       0x2d ./Drivers/STM32F1xx_HAL_Driver/Src/stm32f1xx_hal_tim.o
 .ARM.attributes
                0x00000000000002b4       0x2d ./Drivers/STM32F1xx_HAL_Driver/Src/stm32f1xx_hal_tim_ex.o
 .ARM.attributes
                0x00000000000002e1       0x2d ./Drivers/STM32F1xx_HAL_Driver/Src/stm32f1xx_hal_uart.o
 .ARM.attributes
                0x000000000000030e       0x2d c:/st/stm32cubeide_1.7.0/stm32cubeide/plugins/com.st.stm32cube.ide.mcu.externaltools.gnu-tools-for-stm32.9-2020-q2-update.win32_2.0.0.202105311346/tools/bin/../lib/gcc/arm-none-eabi/9.3.1/../../../../arm-none-eabi/lib/thumb/v7-m/nofp\libc_nano.a(lib_a-init.o)
 .ARM.attributes
                0x000000000000033b       0x2d c:/st/stm32cubeide_1.7.0/stm32cubeide/plugins/com.st.stm32cube.ide.mcu.externaltools.gnu-tools-for-stm32.9-2020-q2-update.win32_2.0.0.202105311346/tools/bin/../lib/gcc/arm-none-eabi/9.3.1/../../../../arm-none-eabi/lib/thumb/v7-m/nofp\libc_nano.a(lib_a-memset.o)
 .ARM.attributes
                0x0000000000000368       0x1d c:/st/stm32cubeide_1.7.0/stm32cubeide/plugins/com.st.stm32cube.ide.mcu.externaltools.gnu-tools-for-stm32.9-2020-q2-update.win32_2.0.0.202105311346/tools/bin/../lib/gcc/arm-none-eabi/9.3.1/thumb/v7-m/nofp/crtn.o
OUTPUT(UART_RGB_LED_Driver.elf elf32-littlearm)
LOAD linker stubs
LOAD c:/st/stm32cubeide_1.7.0/stm32cubeide/plugins/com.st.stm32cube.ide.mcu.externaltools.gnu-tools-for-stm32.9-2020-q2-update.win32_2.0.0.202105311346/tools/bin/../lib/gcc/arm-none-eabi/9.3.1/../../../../arm-none-eabi/lib/thumb/v7-m/nofp\libc.a
LOAD c:/st/stm32cubeide_1.7.0/stm32cubeide/plugins/com.st.stm32cube.ide.mcu.externaltools.gnu-tools-for-stm32.9-2020-q2-update.win32_2.0.0.202105311346/tools/bin/../lib/gcc/arm-none-eabi/9.3.1/../../../../arm-none-eabi/lib/thumb/v7-m/nofp\libm.a
LOAD c:/st/stm32cubeide_1.7.0/stm32cubeide/plugins/com.st.stm32cube.ide.mcu.externaltools.gnu-tools-for-stm32.9-2020-q2-update.win32_2.0.0.202105311346/tools/bin/../lib/gcc/arm-none-eabi/9.3.1/thumb/v7-m/nofp\libgcc.a

.debug_info     0x0000000000000000     0xb162
 .debug_info    0x0000000000000000      0x26c ./Core/Src/gpio.o
 .debug_info    0x000000000000026c      0xd58 ./Core/Src/main.o
 .debug_info    0x0000000000000fc4      0x2fc ./Core/Src/stm32f1xx_hal_msp.o
 .debug_info    0x00000000000012c0      0x6d3 ./Core/Src/stm32f1xx_it.o
 .debug_info    0x0000000000001993      0x2be ./Core/Src/system_stm32f1xx.o
 .debug_info    0x0000000000001c51      0xb30 ./Core/Src/tim.o
 .debug_info    0x0000000000002781      0x998 ./Core/Src/usart.o
 .debug_info    0x0000000000003119       0x22 ./Core/Startup/startup_stm32f103c8tx.o
 .debug_info    0x000000000000313b      0x76a ./Drivers/STM32F1xx_HAL_Driver/Src/stm32f1xx_hal.o
 .debug_info    0x00000000000038a5      0xbdc ./Drivers/STM32F1xx_HAL_Driver/Src/stm32f1xx_hal_cortex.o
 .debug_info    0x0000000000004481      0x81e ./Drivers/STM32F1xx_HAL_Driver/Src/stm32f1xx_hal_dma.o
 .debug_info    0x0000000000004c9f      0x701 ./Drivers/STM32F1xx_HAL_Driver/Src/stm32f1xx_hal_gpio.o
 .debug_info    0x00000000000053a0      0x88e ./Drivers/STM32F1xx_HAL_Driver/Src/stm32f1xx_hal_rcc.o
 .debug_info    0x0000000000005c2e     0x2a45 ./Drivers/STM32F1xx_HAL_Driver/Src/stm32f1xx_hal_tim.o
 .debug_info    0x0000000000008673     0x14d5 ./Drivers/STM32F1xx_HAL_Driver/Src/stm32f1xx_hal_tim_ex.o
 .debug_info    0x0000000000009b48     0x161a ./Drivers/STM32F1xx_HAL_Driver/Src/stm32f1xx_hal_uart.o

.debug_abbrev   0x0000000000000000     0x1ddc
 .debug_abbrev  0x0000000000000000      0x11d ./Core/Src/gpio.o
 .debug_abbrev  0x000000000000011d      0x236 ./Core/Src/main.o
 .debug_abbrev  0x0000000000000353      0x11d ./Core/Src/stm32f1xx_hal_msp.o
 .debug_abbrev  0x0000000000000470      0x197 ./Core/Src/stm32f1xx_it.o
 .debug_abbrev  0x0000000000000607      0x14e ./Core/Src/system_stm32f1xx.o
 .debug_abbrev  0x0000000000000755      0x1df ./Core/Src/tim.o
 .debug_abbrev  0x0000000000000934      0x1c4 ./Core/Src/usart.o
 .debug_abbrev  0x0000000000000af8       0x12 ./Core/Startup/startup_stm32f103c8tx.o
 .debug_abbrev  0x0000000000000b0a      0x1ed ./Drivers/STM32F1xx_HAL_Driver/Src/stm32f1xx_hal.o
 .debug_abbrev  0x0000000000000cf7      0x313 ./Drivers/STM32F1xx_HAL_Driver/Src/stm32f1xx_hal_cortex.o
 .debug_abbrev  0x000000000000100a      0x228 ./Drivers/STM32F1xx_HAL_Driver/Src/stm32f1xx_hal_dma.o
 .debug_abbrev  0x0000000000001232      0x1e8 ./Drivers/STM32F1xx_HAL_Driver/Src/stm32f1xx_hal_gpio.o
 .debug_abbrev  0x000000000000141a      0x273 ./Drivers/STM32F1xx_HAL_Driver/Src/stm32f1xx_hal_rcc.o
 .debug_abbrev  0x000000000000168d      0x25e ./Drivers/STM32F1xx_HAL_Driver/Src/stm32f1xx_hal_tim.o
 .debug_abbrev  0x00000000000018eb      0x266 ./Drivers/STM32F1xx_HAL_Driver/Src/stm32f1xx_hal_tim_ex.o
 .debug_abbrev  0x0000000000001b51      0x28b ./Drivers/STM32F1xx_HAL_Driver/Src/stm32f1xx_hal_uart.o

.debug_aranges  0x0000000000000000      0xc28
 .debug_aranges
                0x0000000000000000       0x20 ./Core/Src/gpio.o
 .debug_aranges
                0x0000000000000020       0x48 ./Core/Src/main.o
 .debug_aranges
                0x0000000000000068       0x20 ./Core/Src/stm32f1xx_hal_msp.o
 .debug_aranges
                0x0000000000000088       0x68 ./Core/Src/stm32f1xx_it.o
 .debug_aranges
                0x00000000000000f0       0x28 ./Core/Src/system_stm32f1xx.o
 .debug_aranges
                0x0000000000000118       0x38 ./Core/Src/tim.o
 .debug_aranges
                0x0000000000000150       0x30 ./Core/Src/usart.o
 .debug_aranges
                0x0000000000000180       0x28 ./Core/Startup/startup_stm32f103c8tx.o
 .debug_aranges
                0x00000000000001a8       0xe0 ./Drivers/STM32F1xx_HAL_Driver/Src/stm32f1xx_hal.o
 .debug_aranges
                0x0000000000000288      0x100 ./Drivers/STM32F1xx_HAL_Driver/Src/stm32f1xx_hal_cortex.o
 .debug_aranges
                0x0000000000000388       0x80 ./Drivers/STM32F1xx_HAL_Driver/Src/stm32f1xx_hal_dma.o
 .debug_aranges
                0x0000000000000408       0x58 ./Drivers/STM32F1xx_HAL_Driver/Src/stm32f1xx_hal_gpio.o
 .debug_aranges
                0x0000000000000460       0x90 ./Drivers/STM32F1xx_HAL_Driver/Src/stm32f1xx_hal_rcc.o
 .debug_aranges
                0x00000000000004f0      0x3d0 ./Drivers/STM32F1xx_HAL_Driver/Src/stm32f1xx_hal_tim.o
 .debug_aranges
                0x00000000000008c0      0x168 ./Drivers/STM32F1xx_HAL_Driver/Src/stm32f1xx_hal_tim_ex.o
 .debug_aranges
                0x0000000000000a28      0x200 ./Drivers/STM32F1xx_HAL_Driver/Src/stm32f1xx_hal_uart.o

.debug_ranges   0x0000000000000000      0xb60
 .debug_ranges  0x0000000000000000       0x10 ./Core/Src/gpio.o
 .debug_ranges  0x0000000000000010       0x38 ./Core/Src/main.o
 .debug_ranges  0x0000000000000048       0x10 ./Core/Src/stm32f1xx_hal_msp.o
 .debug_ranges  0x0000000000000058       0x58 ./Core/Src/stm32f1xx_it.o
 .debug_ranges  0x00000000000000b0       0x18 ./Core/Src/system_stm32f1xx.o
 .debug_ranges  0x00000000000000c8       0x28 ./Core/Src/tim.o
 .debug_ranges  0x00000000000000f0       0x20 ./Core/Src/usart.o
 .debug_ranges  0x0000000000000110       0x20 ./Core/Startup/startup_stm32f103c8tx.o
 .debug_ranges  0x0000000000000130       0xd0 ./Drivers/STM32F1xx_HAL_Driver/Src/stm32f1xx_hal.o
 .debug_ranges  0x0000000000000200       0xf0 ./Drivers/STM32F1xx_HAL_Driver/Src/stm32f1xx_hal_cortex.o
 .debug_ranges  0x00000000000002f0       0x70 ./Drivers/STM32F1xx_HAL_Driver/Src/stm32f1xx_hal_dma.o
 .debug_ranges  0x0000000000000360       0x48 ./Drivers/STM32F1xx_HAL_Driver/Src/stm32f1xx_hal_gpio.o
 .debug_ranges  0x00000000000003a8       0x80 ./Drivers/STM32F1xx_HAL_Driver/Src/stm32f1xx_hal_rcc.o
 .debug_ranges  0x0000000000000428      0x3c0 ./Drivers/STM32F1xx_HAL_Driver/Src/stm32f1xx_hal_tim.o
 .debug_ranges  0x00000000000007e8      0x158 ./Drivers/STM32F1xx_HAL_Driver/Src/stm32f1xx_hal_tim_ex.o
 .debug_ranges  0x0000000000000940      0x220 ./Drivers/STM32F1xx_HAL_Driver/Src/stm32f1xx_hal_uart.o

.debug_macro    0x0000000000000000    0x1710a
 .debug_macro   0x0000000000000000      0x1b7 ./Core/Src/gpio.o
 .debug_macro   0x00000000000001b7      0xa9c ./Core/Src/gpio.o
 .debug_macro   0x0000000000000c53      0x21b ./Core/Src/gpio.o
 .debug_macro   0x0000000000000e6e       0x2e ./Core/Src/gpio.o
 .debug_macro   0x0000000000000e9c       0x22 ./Core/Src/gpio.o
 .debug_macro   0x0000000000000ebe       0x22 ./Core/Src/gpio.o
 .debug_macro   0x0000000000000ee0       0x8e ./Core/Src/gpio.o
 .debug_macro   0x0000000000000f6e       0x51 ./Core/Src/gpio.o
 .debug_macro   0x0000000000000fbf      0x103 ./Core/Src/gpio.o
 .debug_macro   0x00000000000010c2       0x6a ./Core/Src/gpio.o
 .debug_macro   0x000000000000112c      0x1df ./Core/Src/gpio.o
 .debug_macro   0x000000000000130b       0x1c ./Core/Src/gpio.o
 .debug_macro   0x0000000000001327       0x22 ./Core/Src/gpio.o
 .debug_macro   0x0000000000001349       0xc3 ./Core/Src/gpio.o
 .debug_macro   0x000000000000140c      0xd23 ./Core/Src/gpio.o
 .debug_macro   0x000000000000212f     0xe09e ./Core/Src/gpio.o
 .debug_macro   0x00000000000101cd       0x6d ./Core/Src/gpio.o
 .debug_macro   0x000000000001023a     0x3468 ./Core/Src/gpio.o
 .debug_macro   0x00000000000136a2      0x174 ./Core/Src/gpio.o
 .debug_macro   0x0000000000013816       0x5c ./Core/Src/gpio.o
 .debug_macro   0x0000000000013872      0x5be ./Core/Src/gpio.o
 .debug_macro   0x0000000000013e30      0x289 ./Core/Src/gpio.o
 .debug_macro   0x00000000000140b9      0x1cb ./Core/Src/gpio.o
 .debug_macro   0x0000000000014284      0x114 ./Core/Src/gpio.o
 .debug_macro   0x0000000000014398      0x1b2 ./Core/Src/gpio.o
 .debug_macro   0x000000000001454a       0x27 ./Core/Src/gpio.o
 .debug_macro   0x0000000000014571      0x136 ./Core/Src/gpio.o
 .debug_macro   0x00000000000146a7      0x1bc ./Core/Src/gpio.o
 .debug_macro   0x0000000000014863       0x34 ./Core/Src/gpio.o
 .debug_macro   0x0000000000014897       0x3c ./Core/Src/gpio.o
 .debug_macro   0x00000000000148d3       0x57 ./Core/Src/gpio.o
 .debug_macro   0x000000000001492a       0x88 ./Core/Src/gpio.o
 .debug_macro   0x00000000000149b2      0x241 ./Core/Src/gpio.o
 .debug_macro   0x0000000000014bf3      0x141 ./Core/Src/gpio.o
 .debug_macro   0x0000000000014d34      0x8d1 ./Core/Src/gpio.o
 .debug_macro   0x0000000000015605      0x279 ./Core/Src/gpio.o
 .debug_macro   0x000000000001587e       0x83 ./Core/Src/gpio.o
 .debug_macro   0x0000000000015901      0x1d9 ./Core/Src/main.o
 .debug_macro   0x0000000000015ada      0x1ad ./Core/Src/stm32f1xx_hal_msp.o
 .debug_macro   0x0000000000015c87      0x1b7 ./Core/Src/stm32f1xx_it.o
 .debug_macro   0x0000000000015e3e      0x1a3 ./Core/Src/system_stm32f1xx.o
 .debug_macro   0x0000000000015fe1      0x1b7 ./Core/Src/tim.o
 .debug_macro   0x0000000000016198      0x1b7 ./Core/Src/usart.o
 .debug_macro   0x000000000001634f      0x1c7 ./Drivers/STM32F1xx_HAL_Driver/Src/stm32f1xx_hal.o
 .debug_macro   0x0000000000016516      0x1a3 ./Drivers/STM32F1xx_HAL_Driver/Src/stm32f1xx_hal_cortex.o
 .debug_macro   0x00000000000166b9      0x1a3 ./Drivers/STM32F1xx_HAL_Driver/Src/stm32f1xx_hal_dma.o
 .debug_macro   0x000000000001685c      0x20e ./Drivers/STM32F1xx_HAL_Driver/Src/stm32f1xx_hal_gpio.o
 .debug_macro   0x0000000000016a6a      0x1b5 ./Drivers/STM32F1xx_HAL_Driver/Src/stm32f1xx_hal_rcc.o
 .debug_macro   0x0000000000016c1f      0x1a4 ./Drivers/STM32F1xx_HAL_Driver/Src/stm32f1xx_hal_tim.o
 .debug_macro   0x0000000000016dc3      0x1a3 ./Drivers/STM32F1xx_HAL_Driver/Src/stm32f1xx_hal_tim_ex.o
 .debug_macro   0x0000000000016f66      0x1a4 ./Drivers/STM32F1xx_HAL_Driver/Src/stm32f1xx_hal_uart.o

.debug_line     0x0000000000000000     0xd25d
 .debug_line    0x0000000000000000      0x679 ./Core/Src/gpio.o
 .debug_line    0x0000000000000679      0xa54 ./Core/Src/main.o
 .debug_line    0x00000000000010cd      0x67e ./Core/Src/stm32f1xx_hal_msp.o
 .debug_line    0x000000000000174b      0x75a ./Core/Src/stm32f1xx_it.o
 .debug_line    0x0000000000001ea5      0x6fb ./Core/Src/system_stm32f1xx.o
 .debug_line    0x00000000000025a0      0x776 ./Core/Src/tim.o
 .debug_line    0x0000000000002d16      0x6ef ./Core/Src/usart.o
 .debug_line    0x0000000000003405       0x87 ./Core/Startup/startup_stm32f103c8tx.o
 .debug_line    0x000000000000348c      0x928 ./Drivers/STM32F1xx_HAL_Driver/Src/stm32f1xx_hal.o
 .debug_line    0x0000000000003db4      0xb10 ./Drivers/STM32F1xx_HAL_Driver/Src/stm32f1xx_hal_cortex.o
 .debug_line    0x00000000000048c4      0xd80 ./Drivers/STM32F1xx_HAL_Driver/Src/stm32f1xx_hal_dma.o
 .debug_line    0x0000000000005644      0x9bf ./Drivers/STM32F1xx_HAL_Driver/Src/stm32f1xx_hal_gpio.o
 .debug_line    0x0000000000006003      0xd36 ./Drivers/STM32F1xx_HAL_Driver/Src/stm32f1xx_hal_rcc.o
 .debug_line    0x0000000000006d39     0x32d1 ./Drivers/STM32F1xx_HAL_Driver/Src/stm32f1xx_hal_tim.o
 .debug_line    0x000000000000a00a     0x1850 ./Drivers/STM32F1xx_HAL_Driver/Src/stm32f1xx_hal_tim_ex.o
 .debug_line    0x000000000000b85a     0x1a03 ./Drivers/STM32F1xx_HAL_Driver/Src/stm32f1xx_hal_uart.o

.debug_str      0x0000000000000000    0x865d1
 .debug_str     0x0000000000000000    0x830fc ./Core/Src/gpio.o
                                      0x8342a (size before relaxing)
 .debug_str     0x00000000000830fc      0x89b ./Core/Src/main.o
                                      0x83d1f (size before relaxing)
 .debug_str     0x0000000000083997       0x5a ./Core/Src/stm32f1xx_hal_msp.o
                                      0x83458 (size before relaxing)
 .debug_str     0x00000000000839f1       0xcf ./Core/Src/stm32f1xx_it.o
                                      0x83862 (size before relaxing)
 .debug_str     0x0000000000083ac0       0x52 ./Core/Src/system_stm32f1xx.o
                                      0x83445 (size before relaxing)
 .debug_str     0x0000000000083b12      0x251 ./Core/Src/tim.o
                                      0x83b63 (size before relaxing)
 .debug_str     0x0000000000083d63      0x2bb ./Core/Src/usart.o
                                      0x83b67 (size before relaxing)
 .debug_str     0x000000000008401e       0x36 ./Core/Startup/startup_stm32f103c8tx.o
                                         0x62 (size before relaxing)
 .debug_str     0x0000000000084054      0x304 ./Drivers/STM32F1xx_HAL_Driver/Src/stm32f1xx_hal.o
                                      0x83ad6 (size before relaxing)
 .debug_str     0x0000000000084358      0x300 ./Drivers/STM32F1xx_HAL_Driver/Src/stm32f1xx_hal_cortex.o
                                      0x83ade (size before relaxing)
 .debug_str     0x0000000000084658      0x235 ./Drivers/STM32F1xx_HAL_Driver/Src/stm32f1xx_hal_dma.o
                                      0x83820 (size before relaxing)
 .debug_str     0x000000000008488d      0x33b ./Drivers/STM32F1xx_HAL_Driver/Src/stm32f1xx_hal_gpio.o
                                      0x83809 (size before relaxing)
 .debug_str     0x0000000000084bc8      0x24f ./Drivers/STM32F1xx_HAL_Driver/Src/stm32f1xx_hal_rcc.o
                                      0x83842 (size before relaxing)
 .debug_str     0x0000000000084e17      0xd8b ./Drivers/STM32F1xx_HAL_Driver/Src/stm32f1xx_hal_tim.o
                                      0x84814 (size before relaxing)
 .debug_str     0x0000000000085ba2      0x45a ./Drivers/STM32F1xx_HAL_Driver/Src/stm32f1xx_hal_tim_ex.o
                                      0x83fc5 (size before relaxing)
 .debug_str     0x0000000000085ffc      0x5d5 ./Drivers/STM32F1xx_HAL_Driver/Src/stm32f1xx_hal_uart.o
                                      0x83e34 (size before relaxing)

.comment        0x0000000000000000       0x53
 .comment       0x0000000000000000       0x53 ./Core/Src/gpio.o
                                         0x54 (size before relaxing)
 .comment       0x0000000000000053       0x54 ./Core/Src/main.o
 .comment       0x0000000000000053       0x54 ./Core/Src/stm32f1xx_hal_msp.o
 .comment       0x0000000000000053       0x54 ./Core/Src/stm32f1xx_it.o
 .comment       0x0000000000000053       0x54 ./Core/Src/system_stm32f1xx.o
 .comment       0x0000000000000053       0x54 ./Core/Src/tim.o
 .comment       0x0000000000000053       0x54 ./Core/Src/usart.o
 .comment       0x0000000000000053       0x54 ./Drivers/STM32F1xx_HAL_Driver/Src/stm32f1xx_hal.o
 .comment       0x0000000000000053       0x54 ./Drivers/STM32F1xx_HAL_Driver/Src/stm32f1xx_hal_cortex.o
 .comment       0x0000000000000053       0x54 ./Drivers/STM32F1xx_HAL_Driver/Src/stm32f1xx_hal_dma.o
 .comment       0x0000000000000053       0x54 ./Drivers/STM32F1xx_HAL_Driver/Src/stm32f1xx_hal_gpio.o
 .comment       0x0000000000000053       0x54 ./Drivers/STM32F1xx_HAL_Driver/Src/stm32f1xx_hal_rcc.o
 .comment       0x0000000000000053       0x54 ./Drivers/STM32F1xx_HAL_Driver/Src/stm32f1xx_hal_tim.o
 .comment       0x0000000000000053       0x54 ./Drivers/STM32F1xx_HAL_Driver/Src/stm32f1xx_hal_tim_ex.o
 .comment       0x0000000000000053       0x54 ./Drivers/STM32F1xx_HAL_Driver/Src/stm32f1xx_hal_uart.o

.debug_frame    0x0000000000000000     0x31fc
 .debug_frame   0x0000000000000000       0x38 ./Core/Src/gpio.o
 .debug_frame   0x0000000000000038       0xdc ./Core/Src/main.o
 .debug_frame   0x0000000000000114       0x38 ./Core/Src/stm32f1xx_hal_msp.o
 .debug_frame   0x000000000000014c      0x120 ./Core/Src/stm32f1xx_it.o
 .debug_frame   0x000000000000026c       0x58 ./Core/Src/system_stm32f1xx.o
 .debug_frame   0x00000000000002c4       0xa8 ./Core/Src/tim.o
 .debug_frame   0x000000000000036c       0x74 ./Core/Src/usart.o
 .debug_frame   0x00000000000003e0      0x334 ./Drivers/STM32F1xx_HAL_Driver/Src/stm32f1xx_hal.o
 .debug_frame   0x0000000000000714      0x428 ./Drivers/STM32F1xx_HAL_Driver/Src/stm32f1xx_hal_cortex.o
 .debug_frame   0x0000000000000b3c      0x208 ./Drivers/STM32F1xx_HAL_Driver/Src/stm32f1xx_hal_dma.o
 .debug_frame   0x0000000000000d44      0x14c ./Drivers/STM32F1xx_HAL_Driver/Src/stm32f1xx_hal_gpio.o
 .debug_frame   0x0000000000000e90      0x21c ./Drivers/STM32F1xx_HAL_Driver/Src/stm32f1xx_hal_rcc.o
 .debug_frame   0x00000000000010ac     0x11b8 ./Drivers/STM32F1xx_HAL_Driver/Src/stm32f1xx_hal_tim.o
 .debug_frame   0x0000000000002264      0x638 ./Drivers/STM32F1xx_HAL_Driver/Src/stm32f1xx_hal_tim_ex.o
 .debug_frame   0x000000000000289c      0x914 ./Drivers/STM32F1xx_HAL_Driver/Src/stm32f1xx_hal_uart.o
 .debug_frame   0x00000000000031b0       0x2c c:/st/stm32cubeide_1.7.0/stm32cubeide/plugins/com.st.stm32cube.ide.mcu.externaltools.gnu-tools-for-stm32.9-2020-q2-update.win32_2.0.0.202105311346/tools/bin/../lib/gcc/arm-none-eabi/9.3.1/../../../../arm-none-eabi/lib/thumb/v7-m/nofp\libc_nano.a(lib_a-init.o)
 .debug_frame   0x00000000000031dc       0x20 c:/st/stm32cubeide_1.7.0/stm32cubeide/plugins/com.st.stm32cube.ide.mcu.externaltools.gnu-tools-for-stm32.9-2020-q2-update.win32_2.0.0.202105311346/tools/bin/../lib/gcc/arm-none-eabi/9.3.1/../../../../arm-none-eabi/lib/thumb/v7-m/nofp\libc_nano.a(lib_a-memset.o)
